

2COGSYS60@KC-LAB11-4Z-PC57 MINGW64 /d
$ mkdir remote

2COGSYS60@KC-LAB11-4Z-PC57 MINGW64 /d
$ cd remote

2COGSYS60@KC-LAB11-4Z-PC57 MINGW64 /d/remote
$ git init
Initialized empty Git repository in D:/remote/.git/

2COGSYS60@KC-LAB11-4Z-PC57 MINGW64 /d/remote (master)
$ git clone https://github.com/SUDHARSHINI-CHINNUSAMY/cogsys.git
Cloning into 'cogsys'...
warning: You appear to have cloned an empty repository.

2COGSYS60@KC-LAB11-4Z-PC57 MINGW64 /d/remote (master)
$ git clone https://github.com/SUDHARSHINI-CHINNUSAMY/cogsys/commit/6d345da7478639ab1df65cefa242a0f4f25eeb21
Cloning into '6d345da7478639ab1df65cefa242a0f4f25eeb21'...
remote: Not Found
fatal: repository 'https://github.com/SUDHARSHINI-CHINNUSAMY/cogsys/commit/6d345da7478639ab1df65cefa242a0f4f25eeb21/' not found

2COGSYS60@KC-LAB11-4Z-PC57 MINGW64 /d/remote (master)
$ git status
On branch master

No commits yet

Untracked files:
  (use "git add <file>..." to include in what will be committed)
        cogsys/

nothing added to commit but untracked files present (use "git add" to track)

2COGSYS60@KC-LAB11-4Z-PC57 MINGW64 /d/remote (master)
$ git badd .
git: 'badd' is not a git command. See 'git --help'.

The most similar command is
        add

2COGSYS60@KC-LAB11-4Z-PC57 MINGW64 /d/remote (master)
$ git status
On branch master

No commits yet

Untracked files:
  (use "git add <file>..." to include in what will be committed)
        cogsys/

nothing added to commit but untracked files present (use "git add" to track)

2COGSYS60@KC-LAB11-4Z-PC57 MINGW64 /d/remote (master)
$ git clone https://github.com/SUDHARSHINI-CHINNUSAMY/cogsys.git
fat
